Alekya Tripura@Alekya MINGW64 /e/Study Material/DevOps/myweb (master)
$ cat > sample
Hi this is sample file for DevOps class

Alekya Tripura@Alekya MINGW64 /e/Study Material/DevOps/myweb (master)
$ cat sample
Hi this is sample file for DevOps class

Alekya Tripura@Alekya MINGW64 /e/Study Material/DevOps/myweb (master)
$ git status
On branch master
Your branch is up to date with 'origin/master'.

Untracked files:
  (use "git add <file>..." to include in what will be committed)
        sample

nothing added to commit but untracked files present (use "git add" to track)

Alekya Tripura@Alekya MINGW64 /e/Study Material/DevOps/myweb (master)
$ git add .
warning: LF will be replaced by CRLF in sample.
The file will have its original line endings in your working directory

Alekya Tripura@Alekya MINGW64 /e/Study Material/DevOps/myweb (master)
$ git add .

Alekya Tripura@Alekya MINGW64 /e/Study Material/DevOps/myweb (master)
$ git status
On branch master
Your branch is up to date with 'origin/master'.

Changes to be committed:
  (use "git restore --staged <file>..." to unstage)
        new file:   sample


Alekya Tripura@Alekya MINGW64 /e/Study Material/DevOps/myweb (master)
$ git commit -m 'Viswanth-DevOps'
[master c616df1] Viswanth-DevOps
 1 file changed, 1 insertion(+)
 create mode 100644 sample

Alekya Tripura@Alekya MINGW64 /e/Study Material/DevOps/myweb (master)
$ git log
commit c616df10ddc0ab9b018953c28aed4ef343dd87ff (HEAD -> master)
Author: viswanth2021 <bhaviri.viswanth@gmail.com>
Date:   Tue Feb 9 11:29:28 2021 +0530

    Viswanth-DevOps

commit ea204f6275e5bfb889c2ff2f1721f29d9fe37b2b (origin/master, origin/HEAD)
Author: viswanth2021 <77950315+viswanth2021@users.noreply.github.com>
Date:   Sat Feb 6 15:48:49 2021 +0530

    Update index.jsp

commit 5075decbc28bf5dde072ff4281dd22e4da7b4c35
Author: viswanth2021 <77950315+viswanth2021@users.noreply.github.com>
Date:   Sat Feb 6 15:34:50 2021 +0530

    Update Jenkins-decnew

commit 8ffc717733373e4e634326f5ee049afe10973228
Author: viswanth2021 <77950315+viswanth2021@users.noreply.github.com>
Date:   Sat Feb 6 15:28:41 2021 +0530

    Update Jenkins-decnew

Alekya Tripura@Alekya MINGW64 /e/Study Material/DevOps/myweb (master)

$ git push origin master
Enumerating objects: 4, done.
Counting objects: 100% (4/4), done.
Delta compression using up to 4 threads
Compressing objects: 100% (2/2), done.
Writing objects: 100% (3/3), 310 bytes | 155.00 KiB/s, done.
Total 3 (delta 1), reused 0 (delta 0), pack-reused 0
remote: Resolving deltas: 100% (1/1), completed with 1 local object.
To https://github.com/viswanth2021/myweb.git
   ea204f6..c616df1  master -> master

Alekya Tripura@Alekya MINGW64 /e/Study Material/DevOps/myweb (master)
$
